** Drc report for gpio_breakout.kicad_pcb **
** Created on 2026-08-20T20:43:04 **
** Report includes: Errors, Warnings, Exclusions **

** Found 30 DRC violations **
[silk_edge_clearance]: Silkscreen clipped by board edge
    Rule: board setup constraints silk; warning
    @(50.0000 mm, 82.0000 mm): Segment on Edge.Cuts
    @(53.2000 mm, 73.5000 mm): PCB text 'cut 5V/3V3 links if chain' on B.Silkscreen
[silk_edge_clearance]: Silkscreen clipped by board edge
    Rule: board setup constraints silk; warning
    @(50.0000 mm, 82.0000 mm): Segment on Edge.Cuts
    @(53.2000 mm, 75.0000 mm): PCB text 'is externally powered' on B.Silkscreen
[silk_edge_clearance]: Silkscreen clipped by board edge
    Rule: board setup constraints silk; warning
    @(50.0000 mm, 50.0000 mm): Segment on Edge.Cuts
    @(110.3000 mm, 49.5500 mm): Reference field of H2
[silk_edge_clearance]: Silkscreen clipped by board edge
    Rule: board setup constraints silk; warning
    @(50.0000 mm, 50.0000 mm): Segment on Edge.Cuts
    @(53.0000 mm, 49.5500 mm): Reference field of H1
[silk_overlap]: Silkscreen clearance
    Rule: board setup constraints silk; warning
    @(81.0000 mm, 51.2000 mm): PCB text 'FFC contacts face DOWN' on F.Silkscreen
    @(84.3200 mm, 51.0000 mm): Segment of J1 on F.Silkscreen
[silk_overlap]: Silkscreen clearance
    Rule: board setup constraints silk; warning
    @(86.8200 mm, 51.0000 mm): Segment of J1 on F.Silkscreen
    @(81.0000 mm, 51.2000 mm): PCB text 'FFC contacts face DOWN' on F.Silkscreen
[silk_overlap]: Silkscreen clearance
    Rule: board setup constraints silk; warning
    @(89.3200 mm, 51.0000 mm): Segment of J1 on F.Silkscreen
    @(81.0000 mm, 51.2000 mm): PCB text 'FFC contacts face DOWN' on F.Silkscreen
[silk_overlap]: Silkscreen clearance
    Rule: board setup constraints silk; warning
    @(91.5700 mm, 51.0000 mm): Segment of J1 on F.Silkscreen
    @(81.0000 mm, 51.2000 mm): PCB text 'FFC contacts face DOWN' on F.Silkscreen
[silk_overlap]: Silkscreen clearance
    Rule: board setup constraints silk; warning
    @(71.8200 mm, 51.0000 mm): Segment of J1 on F.Silkscreen
    @(81.0000 mm, 51.2000 mm): PCB text 'FFC contacts face DOWN' on F.Silkscreen
[silk_overlap]: Silkscreen clearance
    Rule: board setup constraints silk; warning
    @(81.0000 mm, 51.2000 mm): PCB text 'FFC contacts face DOWN' on F.Silkscreen
    @(74.3200 mm, 51.0000 mm): Segment of J1 on F.Silkscreen
[silk_overlap]: Silkscreen clearance
    Rule: board setup constraints silk; warning
    @(76.8200 mm, 51.0000 mm): Segment of J1 on F.Silkscreen
    @(81.0000 mm, 51.2000 mm): PCB text 'FFC contacts face DOWN' on F.Silkscreen
[silk_overlap]: Silkscreen clearance
    Rule: board setup constraints silk; warning
    @(79.3200 mm, 51.0000 mm): Segment of J1 on F.Silkscreen
    @(81.0000 mm, 51.2000 mm): PCB text 'FFC contacts face DOWN' on F.Silkscreen
[silk_overlap]: Silkscreen clearance
    Rule: board setup constraints silk; warning
    @(81.8200 mm, 51.0000 mm): Segment of J1 on F.Silkscreen
    @(81.0000 mm, 51.2000 mm): PCB text 'FFC contacts face DOWN' on F.Silkscreen
[silk_overlap]: Silkscreen clearance
    Rule: board setup constraints silk; warning
    @(98.4000 mm, 76.6000 mm): PCB text 'ID1' on F.Silkscreen
    @(97.4000 mm, 76.3000 mm): Segment of JP1 on F.Silkscreen
[silk_overlap]: Silkscreen clearance
    Rule: board setup constraints silk; warning
    @(96.7000 mm, 76.9000 mm): Arc of JP1 on F.Silkscreen
    @(98.4000 mm, 76.6000 mm): PCB text 'ID1' on F.Silkscreen
[silk_overlap]: Silkscreen clearance
    Rule: board setup constraints silk; warning
    @(96.7000 mm, 76.3000 mm): Arc of JP1 on F.Silkscreen
    @(98.4000 mm, 76.6000 mm): PCB text 'ID1' on F.Silkscreen
[silk_overlap]: Silkscreen clearance
    Rule: board setup constraints silk; warning
    @(101.7000 mm, 76.3000 mm): Arc of JP2 on F.Silkscreen
    @(103.4000 mm, 76.6000 mm): PCB text 'INS' on F.Silkscreen
[silk_overlap]: Silkscreen clearance
    Rule: board setup constraints silk; warning
    @(101.7000 mm, 76.9000 mm): Arc of JP2 on F.Silkscreen
    @(103.4000 mm, 76.6000 mm): PCB text 'INS' on F.Silkscreen
[silk_overlap]: Silkscreen clearance
    Rule: board setup constraints silk; warning
    @(103.4000 mm, 76.6000 mm): PCB text 'INS' on F.Silkscreen
    @(102.4000 mm, 76.3000 mm): Segment of JP2 on F.Silkscreen
[silk_overlap]: Silkscreen clearance
    Rule: board setup constraints silk; warning
    @(110.0500 mm, 77.5500 mm): Segment of TP5 on F.Silkscreen
    @(111.0000 mm, 76.2000 mm): PCB text 'GND' on F.Silkscreen
[silk_overlap]: Silkscreen clearance
    Rule: board setup constraints silk; warning
    @(110.0500 mm, 75.6500 mm): Segment of TP5 on F.Silkscreen
    @(111.0000 mm, 76.2000 mm): PCB text 'GND' on F.Silkscreen
[silk_overlap]: Silkscreen clearance
    Rule: board setup constraints silk; warning
    @(111.0000 mm, 76.2000 mm): PCB text 'GND' on F.Silkscreen
    @(111.9500 mm, 75.6500 mm): Segment of TP5 on F.Silkscreen
[silk_over_copper]: Silkscreen clipped by solder mask
    Local override; warning
    @(81.0000 mm, 51.2000 mm): PCB text 'FFC contacts face DOWN' on F.Silkscreen
    @(84.7500 mm, 51.0100 mm): Pad 43 [GND] of J1 on F.Cu
[silk_over_copper]: Silkscreen clipped by solder mask
    Local override; warning
    @(81.0000 mm, 51.2000 mm): PCB text 'FFC contacts face DOWN' on F.Silkscreen
    @(87.2500 mm, 51.0100 mm): Pad 42 [GND] of J1 on F.Cu
[silk_over_copper]: Silkscreen clipped by solder mask
    Local override; warning
    @(81.0000 mm, 51.2000 mm): PCB text 'FFC contacts face DOWN' on F.Silkscreen
    @(89.7500 mm, 51.0100 mm): Pad 41 [GND] of J1 on F.Cu
[silk_over_copper]: Silkscreen clipped by solder mask
    Local override; warning
    @(81.0000 mm, 51.2000 mm): PCB text 'FFC contacts face DOWN' on F.Silkscreen
    @(72.2500 mm, 51.0100 mm): Pad 48 [GND] of J1 on F.Cu
[silk_over_copper]: Silkscreen clipped by solder mask
    Local override; warning
    @(81.0000 mm, 51.2000 mm): PCB text 'FFC contacts face DOWN' on F.Silkscreen
    @(77.2500 mm, 51.0100 mm): Pad 46 [GND] of J1 on F.Cu
[silk_over_copper]: Silkscreen clipped by solder mask
    Local override; warning
    @(81.0000 mm, 51.2000 mm): PCB text 'FFC contacts face DOWN' on F.Silkscreen
    @(79.7500 mm, 51.0100 mm): Pad 45 [GND] of J1 on F.Cu
[silk_over_copper]: Silkscreen clipped by solder mask
    Local override; warning
    @(81.0000 mm, 51.2000 mm): PCB text 'FFC contacts face DOWN' on F.Silkscreen
    @(82.2500 mm, 51.0100 mm): Pad 44 [GND] of J1 on F.Cu
[silk_over_copper]: Silkscreen clipped by solder mask
    Local override; warning
    @(111.0000 mm, 76.2000 mm): PCB text 'GND' on F.Silkscreen
    @(111.0000 mm, 76.6000 mm): Pad 1 [+3V3] of TP5 on F.Cu

** Found 0 unconnected pads **

** Found 0 Footprint errors **

** Ignored checks **
    - Footprint has no courtyard defined
    - Track endpoint not centered on via
    - Tuning profile track geometries
    - Footprint doesn't match symbol's footprint filters
    - Footprint component type doesn't match footprint pads

** End of Report **
