** Drc report for koyomi-lvds-hat.kicad_pcb **
** Created on 2026-08-18T15:44:38 **
** Report includes: Errors, Warnings **

** Found 14 DRC violations **
[via_dangling]: Via is not connected or connected on only one layer
    Local override; warning
    @(128.5886 mm, 34.5000 mm): Via [G1] on F.Cu - B.Cu
[lib_footprint_mismatch]: Footprint 'C_0603_1608Metric_Pad1.08x0.95mm_HandSolder' does not match copy in library 'Capacitor_SMD'
    Local override; warning
    @(112.8000 mm, 38.1000 mm): Footprint C2
[lib_footprint_mismatch]: Footprint 'C_0603_1608Metric_Pad1.08x0.95mm_HandSolder' does not match copy in library 'Capacitor_SMD'
    Local override; warning
    @(132.5000 mm, 31.0000 mm): Footprint C6
[lib_footprint_mismatch]: Footprint 'SolderJumper-2_P1.3mm_Open_RoundedPad1.0x1.5mm' does not match copy in library 'Jumper'
    Local override; warning
    @(135.0000 mm, 34.0000 mm): Footprint JP1
[lib_footprint_mismatch]: Footprint 'C_0603_1608Metric_Pad1.08x0.95mm_HandSolder' does not match copy in library 'Capacitor_SMD'
    Local override; warning
    @(122.7000 mm, 38.1000 mm): Footprint C5
[lib_footprint_mismatch]: Footprint 'C_0603_1608Metric_Pad1.08x0.95mm_HandSolder' does not match copy in library 'Capacitor_SMD'
    Local override; warning
    @(116.1000 mm, 38.1000 mm): Footprint C3
[lib_footprint_mismatch]: Footprint 'C_0603_1608Metric_Pad1.08x0.95mm_HandSolder' does not match copy in library 'Capacitor_SMD'
    Local override; warning
    @(98.5000 mm, 37.0000 mm): Footprint C7
[lib_footprint_mismatch]: Footprint 'SOT-223-3_TabPin2' does not match copy in library 'Package_TO_SOT_SMD'
    Local override; warning
    @(103.8000 mm, 34.7000 mm): Footprint U1
[lib_footprint_mismatch]: Footprint 'C_0603_1608Metric_Pad1.08x0.95mm_HandSolder' does not match copy in library 'Capacitor_SMD'
    Local override; warning
    @(102.5000 mm, 40.0000 mm): Footprint C8
[lib_footprint_mismatch]: Footprint 'SolderJumper-2_P1.3mm_Open_RoundedPad1.0x1.5mm' does not match copy in library 'Jumper'
    Local override; warning
    @(139.0000 mm, 34.0000 mm): Footprint JP2
[lib_footprint_mismatch]: Footprint 'C_0603_1608Metric_Pad1.08x0.95mm_HandSolder' does not match copy in library 'Capacitor_SMD'
    Local override; warning
    @(109.5000 mm, 38.1000 mm): Footprint C1
[lib_footprint_mismatch]: Footprint 'R_0603_1608Metric_Pad0.98x0.95mm_HandSolder' does not match copy in library 'Resistor_SMD'
    Local override; warning
    @(98.5000 mm, 31.2000 mm): Footprint R1
[lib_footprint_mismatch]: Footprint 'C_0603_1608Metric_Pad1.08x0.95mm_HandSolder' does not match copy in library 'Capacitor_SMD'
    Local override; warning
    @(119.4000 mm, 38.1000 mm): Footprint C4
[lib_footprint_mismatch]: Footprint 'R_0603_1608Metric_Pad0.98x0.95mm_HandSolder' does not match copy in library 'Resistor_SMD'
    Local override; warning
    @(98.5000 mm, 33.5000 mm): Footprint R2

** Found 2 unconnected pads **
[unconnected_items]: Missing connection between items
    Local override; error
    @(118.7500 mm, 28.1900 mm): Pad 23 [G1] of JFFC1 on F.Cu
    @(128.5886 mm, 34.5000 mm): Via [G1] on F.Cu - B.Cu
[unconnected_items]: Missing connection between items
    Local override; error
    @(121.8375 mm, 38.1000 mm): Pad 1 [+2V5] of C5 on F.Cu
    @(119.3441 mm, 38.7641 mm): Track [+2V5] on F.Cu, length 0.1425 mm

** Found 0 Footprint errors **

** Ignored checks **
    - Footprint has no courtyard defined
    - Track endpoint not centered on via
    - Tuning profile track geometries
    - Footprint doesn't match symbol's footprint filters
    - Silkscreen clearance
    - Silkscreen clipped by solder mask
    - Silkscreen clipped by board edge
    - PTH inside courtyard
    - NPTH inside courtyard

** End of Report **
