** Drc report for koyomi-lvds-hat.kicad_pcb **
** Created on 2026-08-18T14:15:48 **
** Report includes: Errors **

** Found 0 DRC violations **

** Found 138 unconnected pads **
[unconnected_items]: Missing connection between items
    Local override; error
    @(97.5875 mm, 31.2000 mm): Pad 1 [+3V3] of R1 on F.Cu
    @(97.5875 mm, 33.5000 mm): Pad 1 [+3V3] of R2 on F.Cu
[unconnected_items]: Missing connection between items
    Local override; error
    @(97.5875 mm, 33.5000 mm): Pad 1 [+3V3] of R2 on F.Cu
    @(97.6375 mm, 37.0000 mm): Pad 1 [+3V3] of C7 on F.Cu
[unconnected_items]: Missing connection between items
    Local override; error
    @(101.5000 mm, 31.5500 mm): Pad 3 [+3V3] of U1 on F.Cu
    @(97.5875 mm, 31.2000 mm): Pad 1 [+3V3] of R1 on F.Cu
[unconnected_items]: Missing connection between items
    Local override; error
    @(101.5000 mm, 31.5500 mm): Pad 3 [+3V3] of U1 on F.Cu
    @(108.6375 mm, 38.1000 mm): Pad 1 [+3V3] of C1 on F.Cu
[unconnected_items]: Missing connection between items
    Local override; error
    @(108.6375 mm, 38.1000 mm): Pad 1 [+3V3] of C1 on F.Cu
    @(111.9375 mm, 38.1000 mm): Pad 1 [+3V3] of C2 on F.Cu
[unconnected_items]: Missing connection between items
    Local override; error
    @(112.7500 mm, 29.3500 mm): Pad 26 [+3V3] of IC1 on F.Cu
    @(114.2500 mm, 36.6100 mm): Pad 34 [+3V3] of IC1 on F.Cu
[unconnected_items]: Missing connection between items
    Local override; error
    @(114.2500 mm, 36.6100 mm): Pad 34 [+3V3] of IC1 on F.Cu
    @(115.2375 mm, 38.1000 mm): Pad 1 [+3V3] of C3 on F.Cu
[unconnected_items]: Missing connection between items
    Local override; error
    @(114.2500 mm, 36.6100 mm): Pad 34 [+3V3] of IC1 on F.Cu
    @(111.9375 mm, 38.1000 mm): Pad 1 [+3V3] of C2 on F.Cu
[unconnected_items]: Missing connection between items
    Local override; error
    @(115.2375 mm, 38.1000 mm): Pad 1 [+3V3] of C3 on F.Cu
    @(119.2500 mm, 36.6100 mm): Pad 44 [+3V3] of IC1 on F.Cu
[unconnected_items]: Missing connection between items
    Local override; error
    @(121.2500 mm, 29.3500 mm): Pad 9 [+3V3] of IC1 on F.Cu
    @(119.2500 mm, 36.6100 mm): Pad 44 [+3V3] of IC1 on F.Cu
[unconnected_items]: Missing connection between items
    Local override; error
    @(125.2500 mm, 29.3500 mm): Pad 1 [+3V3] of IC1 on F.Cu
    @(121.2500 mm, 29.3500 mm): Pad 9 [+3V3] of IC1 on F.Cu
[unconnected_items]: Missing connection between items
    Local override; error
    @(129.7500 mm, 28.1900 mm): Pad 1 [+3V3] of JFFC1 on F.Cu
    @(125.2500 mm, 29.3500 mm): Pad 1 [+3V3] of IC1 on F.Cu
[unconnected_items]: Missing connection between items
    Local override; error
    @(99.3625 mm, 37.0000 mm): Pad 2 [GND] of C7 on F.Cu
    @(103.3625 mm, 40.0000 mm): Pad 2 [GND] of C8 on F.Cu
[unconnected_items]: Missing connection between items
    Local override; error
    @(103.3625 mm, 40.0000 mm): Pad 2 [GND] of C8 on F.Cu
    @(110.2000 mm, 41.2000 mm): Pad S1 [GND] of J2 on F.Cu
[unconnected_items]: Missing connection between items
    Local override; error
    @(106.1000 mm, 31.5500 mm): Pad 1 [GND] of U1 on F.Cu
    @(113.2500 mm, 29.3500 mm): Pad 25 [GND] of IC1 on F.Cu
[unconnected_items]: Missing connection between items
    Local override; error
    @(110.2000 mm, 41.2000 mm): Pad S1 [GND] of J2 on F.Cu
    @(110.3625 mm, 38.1000 mm): Pad 2 [GND] of C1 on F.Cu
[unconnected_items]: Missing connection between items
    Local override; error
    @(111.7500 mm, 36.6100 mm): Pad 29 [GND] of IC1 on F.Cu
    @(110.3625 mm, 38.1000 mm): Pad 2 [GND] of C1 on F.Cu
[unconnected_items]: Missing connection between items
    Local override; error
    @(113.6625 mm, 38.1000 mm): Pad 2 [GND] of C2 on F.Cu
    @(113.7500 mm, 36.6100 mm): Pad 33 [GND] of IC1 on F.Cu
[unconnected_items]: Missing connection between items
    Local override; error
    @(113.7500 mm, 36.6100 mm): Pad 33 [GND] of IC1 on F.Cu
    @(111.7500 mm, 36.6100 mm): Pad 29 [GND] of IC1 on F.Cu
[unconnected_items]: Missing connection between items
    Local override; error
    @(114.7500 mm, 36.6100 mm): Pad 35 [GND] of IC1 on F.Cu
    @(113.7500 mm, 36.6100 mm): Pad 33 [GND] of IC1 on F.Cu
[unconnected_items]: Missing connection between items
    Local override; error
    @(115.1000 mm, 39.8300 mm): Pad 7 [GND] of J2 on F.Cu
    @(113.6625 mm, 38.1000 mm): Pad 2 [GND] of C2 on F.Cu
[unconnected_items]: Missing connection between items
    Local override; error
    @(115.2500 mm, 29.3500 mm): Pad 21 [GND] of IC1 on F.Cu
    @(115.2500 mm, 28.1900 mm): Pad 30 [GND] of JFFC1 on F.Cu
[unconnected_items]: Missing connection between items
    Local override; error
    @(115.2500 mm, 29.3500 mm): Pad 21 [GND] of IC1 on F.Cu
    @(116.7500 mm, 29.3500 mm): Pad 18 [GND] of IC1 on F.Cu
[unconnected_items]: Missing connection between items
    Local override; error
    @(115.2500 mm, 29.3500 mm): Pad 21 [GND] of IC1 on F.Cu
    @(113.2500 mm, 29.3500 mm): Pad 25 [GND] of IC1 on F.Cu
[unconnected_items]: Missing connection between items
    Local override; error
    @(115.2500 mm, 29.3500 mm): Pad 21 [GND] of IC1 on F.Cu
    @(115.2500 mm, 36.6100 mm): Pad 36 [GND] of IC1 on F.Cu
[unconnected_items]: Missing connection between items
    Local override; error
    @(115.2500 mm, 36.6100 mm): Pad 36 [GND] of IC1 on F.Cu
    @(114.7500 mm, 36.6100 mm): Pad 35 [GND] of IC1 on F.Cu
[unconnected_items]: Missing connection between items
    Local override; error
    @(115.5000 mm, 39.8300 mm): Pad 8 [GND] of J2 on F.Cu
    @(115.1000 mm, 39.8300 mm): Pad 7 [GND] of J2 on F.Cu
[unconnected_items]: Missing connection between items
    Local override; error
    @(115.9000 mm, 39.8300 mm): Pad 9 [GND] of J2 on F.Cu
    @(115.5000 mm, 39.8300 mm): Pad 8 [GND] of J2 on F.Cu
[unconnected_items]: Missing connection between items
    Local override; error
    @(116.7500 mm, 29.3500 mm): Pad 18 [GND] of IC1 on F.Cu
    @(117.7500 mm, 29.3500 mm): Pad 16 [GND] of IC1 on F.Cu
[unconnected_items]: Missing connection between items
    Local override; error
    @(116.9625 mm, 38.1000 mm): Pad 2 [GND] of C3 on F.Cu
    @(115.9000 mm, 39.8300 mm): Pad 9 [GND] of J2 on F.Cu
[unconnected_items]: Missing connection between items
    Local override; error
    @(116.9625 mm, 38.1000 mm): Pad 2 [GND] of C3 on F.Cu
    @(118.7500 mm, 36.6100 mm): Pad 43 [GND] of IC1 on F.Cu
[unconnected_items]: Missing connection between items
    Local override; error
    @(117.7500 mm, 28.1900 mm): Pad 25 [GND] of JFFC1 on F.Cu
    @(117.7500 mm, 29.3500 mm): Pad 16 [GND] of IC1 on F.Cu
[unconnected_items]: Missing connection between items
    Local override; error
    @(119.2500 mm, 29.3500 mm): Pad 13 [GND] of IC1 on F.Cu
    @(120.7500 mm, 29.3500 mm): Pad 10 [GND] of IC1 on F.Cu
[unconnected_items]: Missing connection between items
    Local override; error
    @(119.2500 mm, 29.3500 mm): Pad 13 [GND] of IC1 on F.Cu
    @(117.7500 mm, 29.3500 mm): Pad 16 [GND] of IC1 on F.Cu
[unconnected_items]: Missing connection between items
    Local override; error
    @(120.2625 mm, 38.1000 mm): Pad 2 [GND] of C4 on F.Cu
    @(121.7500 mm, 36.6100 mm): Pad 49 [GND] of IC1 on F.Cu
[unconnected_items]: Missing connection between items
    Local override; error
    @(120.2625 mm, 38.1000 mm): Pad 2 [GND] of C4 on F.Cu
    @(118.7500 mm, 36.6100 mm): Pad 43 [GND] of IC1 on F.Cu
[unconnected_items]: Missing connection between items
    Local override; error
    @(120.7500 mm, 29.3500 mm): Pad 10 [GND] of IC1 on F.Cu
    @(121.7500 mm, 29.3500 mm): Pad 8 [GND] of IC1 on F.Cu
[unconnected_items]: Missing connection between items
    Local override; error
    @(120.7500 mm, 29.3500 mm): Pad 10 [GND] of IC1 on F.Cu
    @(120.2500 mm, 28.1900 mm): Pad 20 [GND] of JFFC1 on F.Cu
[unconnected_items]: Missing connection between items
    Local override; error
    @(121.7500 mm, 29.3500 mm): Pad 8 [GND] of IC1 on F.Cu
    @(123.2500 mm, 29.3500 mm): Pad 5 [GND] of IC1 on F.Cu
[unconnected_items]: Missing connection between items
    Local override; error
    @(122.2500 mm, 36.6100 mm): Pad 50 [GND] of IC1 on F.Cu
    @(121.7500 mm, 36.6100 mm): Pad 49 [GND] of IC1 on F.Cu
[unconnected_items]: Missing connection between items
    Local override; error
    @(123.2500 mm, 29.3500 mm): Pad 5 [GND] of IC1 on F.Cu
    @(123.2500 mm, 28.1900 mm): Pad 14 [GND] of JFFC1 on F.Cu
[unconnected_items]: Missing connection between items
    Local override; error
    @(123.2500 mm, 29.3500 mm): Pad 5 [GND] of IC1 on F.Cu
    @(124.7500 mm, 29.3500 mm): Pad 2 [GND] of IC1 on F.Cu
[unconnected_items]: Missing connection between items
    Local override; error
    @(123.5625 mm, 38.1000 mm): Pad 2 [GND] of C5 on F.Cu
    @(123.7500 mm, 36.6100 mm): Pad 53 [GND] of IC1 on F.Cu
[unconnected_items]: Missing connection between items
    Local override; error
    @(123.7500 mm, 36.6100 mm): Pad 53 [GND] of IC1 on F.Cu
    @(122.2500 mm, 36.6100 mm): Pad 50 [GND] of IC1 on F.Cu
[unconnected_items]: Missing connection between items
    Local override; error
    @(125.7500 mm, 28.1900 mm): Pad 9 [GND] of JFFC1 on F.Cu
    @(124.7500 mm, 29.3500 mm): Pad 2 [GND] of IC1 on F.Cu
[unconnected_items]: Missing connection between items
    Local override; error
    @(126.8000 mm, 41.2000 mm): Pad S2 [GND] of J2 on F.Cu
    @(123.5625 mm, 38.1000 mm): Pad 2 [GND] of C5 on F.Cu
[unconnected_items]: Missing connection between items
    Local override; error
    @(127.2500 mm, 28.1900 mm): Pad 6 [GND] of JFFC1 on F.Cu
    @(125.7500 mm, 28.1900 mm): Pad 9 [GND] of JFFC1 on F.Cu
[unconnected_items]: Missing connection between items
    Local override; error
    @(133.3625 mm, 31.0000 mm): Pad 2 [GND] of C6 on F.Cu
    @(127.2500 mm, 28.1900 mm): Pad 6 [GND] of JFFC1 on F.Cu
[unconnected_items]: Missing connection between items
    Local override; error
    @(135.0000 mm, 34.6500 mm): Pad 2 [GND] of JP1 on F.Cu
    @(133.3625 mm, 31.0000 mm): Pad 2 [GND] of C6 on F.Cu
[unconnected_items]: Missing connection between items
    Local override; error
    @(136.7500 mm, 37.9500 mm): Pad 9 [GND] of JBL1 on F.Cu
    @(135.0000 mm, 34.6500 mm): Pad 2 [GND] of JP1 on F.Cu
[unconnected_items]: Missing connection between items
    Local override; error
    @(136.7500 mm, 37.9500 mm): Pad 9 [GND] of JBL1 on F.Cu
    @(139.0000 mm, 34.6500 mm): Pad 2 [GND] of JP2 on F.Cu
[unconnected_items]: Missing connection between items
    Local override; error
    @(119.7500 mm, 36.6100 mm): Pad 45 [Net-(IC1-Y1P)] of IC1 on F.Cu
    @(128.7499 mm, 37.5250 mm): Pad 1 [Net-(IC1-Y1P)] of FL1 on F.Cu
[unconnected_items]: Missing connection between items
    Local override; error
    @(122.7000 mm, 39.8300 mm): Pad 26 [RX1+] of J2 on F.Cu
    @(128.7499 mm, 38.4750 mm): Pad 2 [RX1+] of FL1 on F.Cu
[unconnected_items]: Missing connection between items
    Local override; error
    @(120.2500 mm, 36.6100 mm): Pad 46 [Net-(IC1-Y1M)] of IC1 on F.Cu
    @(129.2501 mm, 37.5250 mm): Pad 3 [Net-(IC1-Y1M)] of FL1 on F.Cu
[unconnected_items]: Missing connection between items
    Local override; error
    @(123.1000 mm, 39.8300 mm): Pad 27 [RX1-] of J2 on F.Cu
    @(129.2501 mm, 38.4750 mm): Pad 4 [RX1-] of FL1 on F.Cu
[unconnected_items]: Missing connection between items
    Local override; error
    @(120.7500 mm, 36.6100 mm): Pad 47 [Net-(IC1-Y0P)] of IC1 on F.Cu
    @(129.7499 mm, 37.5250 mm): Pad 5 [Net-(IC1-Y0P)] of FL1 on F.Cu
[unconnected_items]: Missing connection between items
    Local override; error
    @(123.5000 mm, 39.8300 mm): Pad 28 [RX0+] of J2 on F.Cu
    @(129.7499 mm, 38.4750 mm): Pad 6 [RX0+] of FL1 on F.Cu
[unconnected_items]: Missing connection between items
    Local override; error
    @(121.2500 mm, 36.6100 mm): Pad 48 [Net-(IC1-Y0M)] of IC1 on F.Cu
    @(130.2501 mm, 37.5250 mm): Pad 7 [Net-(IC1-Y0M)] of FL1 on F.Cu
[unconnected_items]: Missing connection between items
    Local override; error
    @(123.9000 mm, 39.8300 mm): Pad 29 [RX0-] of J2 on F.Cu
    @(130.2501 mm, 38.4750 mm): Pad 8 [RX0-] of FL1 on F.Cu
[unconnected_items]: Missing connection between items
    Local override; error
    @(117.5000 mm, 39.8300 mm): Pad 13 [VCD6] of J2 on F.Cu
    @(132.7500 mm, 37.9500 mm): Pad 1 [VCD6] of JBL1 on F.Cu
[unconnected_items]: Missing connection between items
    Local override; error
    @(117.9000 mm, 39.8300 mm): Pad 14 [VCD5] of J2 on F.Cu
    @(133.2500 mm, 37.9500 mm): Pad 2 [VCD5] of JBL1 on F.Cu
[unconnected_items]: Missing connection between items
    Local override; error
    @(118.3000 mm, 39.8300 mm): Pad 15 [VCD4] of J2 on F.Cu
    @(133.7500 mm, 37.9500 mm): Pad 3 [VCD4] of JBL1 on F.Cu
[unconnected_items]: Missing connection between items
    Local override; error
    @(118.7000 mm, 39.8300 mm): Pad 16 [VCD3] of J2 on F.Cu
    @(134.2500 mm, 37.9500 mm): Pad 4 [VCD3] of JBL1 on F.Cu
[unconnected_items]: Missing connection between items
    Local override; error
    @(119.1000 mm, 39.8300 mm): Pad 17 [VCD2] of J2 on F.Cu
    @(134.7500 mm, 37.9500 mm): Pad 5 [VCD2] of JBL1 on F.Cu
[unconnected_items]: Missing connection between items
    Local override; error
    @(119.5000 mm, 39.8300 mm): Pad 18 [VCD1] of J2 on F.Cu
    @(135.2500 mm, 37.9500 mm): Pad 6 [VCD1] of JBL1 on F.Cu
[unconnected_items]: Missing connection between items
    Local override; error
    @(112.7000 mm, 39.8300 mm): Pad 1 [VAD] of J2 on F.Cu
    @(113.1000 mm, 39.8300 mm): Pad 2 [VAD] of J2 on F.Cu
[unconnected_items]: Missing connection between items
    Local override; error
    @(113.1000 mm, 39.8300 mm): Pad 2 [VAD] of J2 on F.Cu
    @(135.7500 mm, 37.9500 mm): Pad 7 [VAD] of JBL1 on F.Cu
[unconnected_items]: Missing connection between items
    Local override; error
    @(129.2500 mm, 28.1900 mm): Pad 2 [+5V] of JFFC1 on F.Cu
    @(128.2500 mm, 28.1900 mm): Pad 4 [+5V] of JFFC1 on F.Cu
[unconnected_items]: Missing connection between items
    Local override; error
    @(137.2500 mm, 37.9500 mm): Pad 10 [+5V] of JBL1 on F.Cu
    @(129.2500 mm, 28.1900 mm): Pad 2 [+5V] of JFFC1 on F.Cu
[unconnected_items]: Missing connection between items
    Local override; error
    @(111.7500 mm, 28.1900 mm): Pad 37 [PWM] of JFFC1 on F.Cu
    @(137.7500 mm, 37.9500 mm): Pad 11 [PWM] of JBL1 on F.Cu
[unconnected_items]: Missing connection between items
    Local override; error
    @(123.7500 mm, 28.1900 mm): Pad 13 [EN] of JFFC1 on F.Cu
    @(138.2500 mm, 37.9500 mm): Pad 12 [EN] of JBL1 on F.Cu
[unconnected_items]: Missing connection between items
    Local override; error
    @(116.2500 mm, 29.3500 mm): Pad 19 [D18] of IC1 on F.Cu
    @(127.6000 mm, 32.1000 mm): Pad 1 [D18] of RN4 on F.Cu
[unconnected_items]: Missing connection between items
    Local override; error
    @(112.7500 mm, 36.6100 mm): Pad 31 [L_CLKIN] of IC1 on F.Cu
    @(127.6000 mm, 32.9000 mm): Pad 2 [L_CLKIN] of RN4 on F.Cu
[unconnected_items]: Missing connection between items
    Local override; error
    @(112.2500 mm, 36.6100 mm): Pad 30 [D26] of IC1 on F.Cu
    @(127.6000 mm, 33.7000 mm): Pad 3 [D26] of RN4 on F.Cu
[unconnected_items]: Missing connection between items
    Local override; error
    @(122.7500 mm, 29.3500 mm): Pad 6 [D8] of IC1 on F.Cu
    @(127.6000 mm, 34.5000 mm): Pad 4 [D8] of RN4 on F.Cu
[unconnected_items]: Missing connection between items
    Local override; error
    @(118.7500 mm, 28.1900 mm): Pad 23 [G1] of JFFC1 on F.Cu
    @(129.4000 mm, 34.5000 mm): Pad 5 [G1] of RN4 on F.Cu
[unconnected_items]: Missing connection between items
    Local override; error
    @(116.2500 mm, 28.1900 mm): Pad 28 [ENABLE] of JFFC1 on F.Cu
    @(129.4000 mm, 33.7000 mm): Pad 6 [ENABLE] of RN4 on F.Cu
[unconnected_items]: Missing connection between items
    Local override; error
    @(116.7500 mm, 28.1900 mm): Pad 27 [CLKIN] of JFFC1 on F.Cu
    @(129.4000 mm, 32.9000 mm): Pad 7 [CLKIN] of RN4 on F.Cu
[unconnected_items]: Missing connection between items
    Local override; error
    @(115.7500 mm, 28.1900 mm): Pad 29 [B1] of JFFC1 on F.Cu
    @(129.4000 mm, 32.1000 mm): Pad 8 [B1] of RN4 on F.Cu
[unconnected_items]: Missing connection between items
    Local override; error
    @(103.8000 mm, 37.8500 mm): Pad 2 [+2V5] of U1 on F.Cu
    @(101.6375 mm, 40.0000 mm): Pad 1 [+2V5] of C8 on F.Cu
[unconnected_items]: Missing connection between items
    Local override; error
    @(103.8000 mm, 37.8500 mm): Pad 2 [+2V5] of U1 on F.Cu
    @(103.8000 mm, 31.5500 mm): Pad 2 [+2V5] of U1 on F.Cu
[unconnected_items]: Missing connection between items
    Local override; error
    @(103.8000 mm, 37.8500 mm): Pad 2 [+2V5] of U1 on F.Cu
    @(113.9000 mm, 39.8300 mm): Pad 4 [+2V5] of J2 on F.Cu
[unconnected_items]: Missing connection between items
    Local override; error
    @(114.3000 mm, 39.8300 mm): Pad 5 [+2V5] of J2 on F.Cu
    @(113.9000 mm, 39.8300 mm): Pad 4 [+2V5] of J2 on F.Cu
[unconnected_items]: Missing connection between items
    Local override; error
    @(114.7000 mm, 39.8300 mm): Pad 6 [+2V5] of J2 on F.Cu
    @(114.3000 mm, 39.8300 mm): Pad 5 [+2V5] of J2 on F.Cu
[unconnected_items]: Missing connection between items
    Local override; error
    @(118.5375 mm, 38.1000 mm): Pad 1 [+2V5] of C4 on F.Cu
    @(121.8375 mm, 38.1000 mm): Pad 1 [+2V5] of C5 on F.Cu
[unconnected_items]: Missing connection between items
    Local override; error
    @(118.5375 mm, 38.1000 mm): Pad 1 [+2V5] of C4 on F.Cu
    @(114.7000 mm, 39.8300 mm): Pad 6 [+2V5] of J2 on F.Cu
[unconnected_items]: Missing connection between items
    Local override; error
    @(121.8375 mm, 38.1000 mm): Pad 1 [+2V5] of C5 on F.Cu
    @(131.6375 mm, 31.0000 mm): Pad 1 [+2V5] of C6 on F.Cu
[unconnected_items]: Missing connection between items
    Local override; error
    @(122.7500 mm, 36.6100 mm): Pad 51 [D0] of IC1 on F.Cu
    @(134.6000 mm, 27.0000 mm): Pad 1 [D0] of RN5 on F.Cu
[unconnected_items]: Missing connection between items
    Local override; error
    @(120.2500 mm, 29.3500 mm): Pad 11 [D12] of IC1 on F.Cu
    @(134.6000 mm, 27.8000 mm): Pad 2 [D12] of RN5 on F.Cu
[unconnected_items]: Missing connection between items
    Local override; error
    @(122.2500 mm, 29.3500 mm): Pad 7 [D9] of IC1 on F.Cu
    @(134.6000 mm, 28.6000 mm): Pad 3 [D9] of RN5 on F.Cu
[unconnected_items]: Missing connection between items
    Local override; error
    @(115.7500 mm, 29.3500 mm): Pad 20 [D19] of IC1 on F.Cu
    @(134.6000 mm, 29.4000 mm): Pad 4 [D19] of RN5 on F.Cu
[unconnected_items]: Missing connection between items
    Local override; error
    @(114.7500 mm, 28.1900 mm): Pad 31 [B2] of JFFC1 on F.Cu
    @(136.4000 mm, 29.4000 mm): Pad 5 [B2] of RN5 on F.Cu
[unconnected_items]: Missing connection between items
    Local override; error
    @(114.2500 mm, 28.1900 mm): Pad 32 [G2] of JFFC1 on F.Cu
    @(136.4000 mm, 28.6000 mm): Pad 6 [G2] of RN5 on F.Cu
[unconnected_items]: Missing connection between items
    Local override; error
    @(113.7500 mm, 28.1900 mm): Pad 33 [G3] of JFFC1 on F.Cu
    @(136.4000 mm, 27.8000 mm): Pad 7 [G3] of RN5 on F.Cu
[unconnected_items]: Missing connection between items
    Local override; error
    @(112.2500 mm, 28.1900 mm): Pad 36 [R0] of JFFC1 on F.Cu
    @(136.4000 mm, 27.0000 mm): Pad 8 [R0] of RN5 on F.Cu
[unconnected_items]: Missing connection between items
    Local override; error
    @(117.2500 mm, 29.3500 mm): Pad 17 [CLKSEL] of IC1 on F.Cu
    @(99.4125 mm, 31.2000 mm): Pad 2 [CLKSEL] of R1 on F.Cu
[unconnected_items]: Missing connection between items
    Local override; error
    @(135.0000 mm, 33.3500 mm): Pad 1 [CLKSEL] of JP1 on F.Cu
    @(117.2500 mm, 29.3500 mm): Pad 17 [CLKSEL] of IC1 on F.Cu
[unconnected_items]: Missing connection between items
    Local override; error
    @(116.3000 mm, 39.8300 mm): Pad 10 [PANEL_ID0] of J2 on F.Cu
    @(121.7500 mm, 28.1900 mm): Pad 17 [PANEL_ID0] of JFFC1 on F.Cu
[unconnected_items]: Missing connection between items
    Local override; error
    @(113.2500 mm, 28.1900 mm): Pad 34 [PANEL_ID1] of JFFC1 on F.Cu
    @(120.7000 mm, 39.8300 mm): Pad 21 [PANEL_ID1] of J2 on F.Cu
[unconnected_items]: Missing connection between items
    Local override; error
    @(121.1000 mm, 39.8300 mm): Pad 22 [RXCLK+] of J2 on F.Cu
    @(125.4499 mm, 38.4750 mm): Pad 2 [RXCLK+] of FL2 on F.Cu
[unconnected_items]: Missing connection between items
    Local override; error
    @(121.5000 mm, 39.8300 mm): Pad 23 [RXCLK-] of J2 on F.Cu
    @(125.9501 mm, 38.4750 mm): Pad 4 [RXCLK-] of FL2 on F.Cu
[unconnected_items]: Missing connection between items
    Local override; error
    @(121.9000 mm, 39.8300 mm): Pad 24 [RX2+] of J2 on F.Cu
    @(126.4499 mm, 38.4750 mm): Pad 6 [RX2+] of FL2 on F.Cu
[unconnected_items]: Missing connection between items
    Local override; error
    @(122.3000 mm, 39.8300 mm): Pad 25 [RX2-] of J2 on F.Cu
    @(126.9501 mm, 38.4750 mm): Pad 8 [RX2-] of FL2 on F.Cu
[unconnected_items]: Missing connection between items
    Local override; error
    @(110.7500 mm, 28.1900 mm): Pad 39 [LCD_INS] of JFFC1 on F.Cu
    @(124.3000 mm, 39.8300 mm): Pad 30 [LCD_INS] of J2 on F.Cu
[unconnected_items]: Missing connection between items
    Local override; error
    @(108.6000 mm, 32.1000 mm): Pad 1 [D20] of RN3 on F.Cu
    @(114.7500 mm, 29.3500 mm): Pad 22 [D20] of IC1 on F.Cu
[unconnected_items]: Missing connection between items
    Local override; error
    @(108.6000 mm, 32.9000 mm): Pad 2 [D21] of RN3 on F.Cu
    @(114.2500 mm, 29.3500 mm): Pad 23 [D21] of IC1 on F.Cu
[unconnected_items]: Missing connection between items
    Local override; error
    @(108.6000 mm, 33.7000 mm): Pad 3 [D22] of RN3 on F.Cu
    @(113.7500 mm, 29.3500 mm): Pad 24 [D22] of IC1 on F.Cu
[unconnected_items]: Missing connection between items
    Local override; error
    @(108.6000 mm, 34.5000 mm): Pad 4 [G0] of RN3 on F.Cu
    @(120.7500 mm, 28.1900 mm): Pad 19 [G0] of JFFC1 on F.Cu
[unconnected_items]: Missing connection between items
    Local override; error
    @(110.4000 mm, 34.5000 mm): Pad 5 [D7] of RN3 on F.Cu
    @(123.7500 mm, 29.3500 mm): Pad 4 [D7] of IC1 on F.Cu
[unconnected_items]: Missing connection between items
    Local override; error
    @(110.4000 mm, 33.7000 mm): Pad 6 [B5] of RN3 on F.Cu
    @(119.7500 mm, 28.1900 mm): Pad 21 [B5] of JFFC1 on F.Cu
[unconnected_items]: Missing connection between items
    Local override; error
    @(110.4000 mm, 32.9000 mm): Pad 7 [B4] of RN3 on F.Cu
    @(118.2500 mm, 28.1900 mm): Pad 24 [B4] of JFFC1 on F.Cu
[unconnected_items]: Missing connection between items
    Local override; error
    @(110.4000 mm, 32.1000 mm): Pad 8 [B3] of RN3 on F.Cu
    @(117.2500 mm, 28.1900 mm): Pad 26 [B3] of JFFC1 on F.Cu
[unconnected_items]: Missing connection between items
    Local override; error
    @(99.6000 mm, 27.0000 mm): Pad 1 [D13] of RN1 on F.Cu
    @(119.7500 mm, 29.3500 mm): Pad 12 [D13] of IC1 on F.Cu
[unconnected_items]: Missing connection between items
    Local override; error
    @(99.6000 mm, 27.8000 mm): Pad 2 [D15] of RN1 on F.Cu
    @(118.2500 mm, 29.3500 mm): Pad 15 [D15] of IC1 on F.Cu
[unconnected_items]: Missing connection between items
    Local override; error
    @(99.6000 mm, 28.6000 mm): Pad 3 [D24] of RN1 on F.Cu
    @(112.2500 mm, 29.3500 mm): Pad 27 [D24] of IC1 on F.Cu
[unconnected_items]: Missing connection between items
    Local override; error
    @(99.6000 mm, 29.4000 mm): Pad 4 [D25] of RN1 on F.Cu
    @(111.7500 mm, 29.3500 mm): Pad 28 [D25] of IC1 on F.Cu
[unconnected_items]: Missing connection between items
    Local override; error
    @(101.4000 mm, 29.4000 mm): Pad 5 [VSYNC] of RN1 on F.Cu
    @(128.7500 mm, 28.1900 mm): Pad 3 [VSYNC] of JFFC1 on F.Cu
[unconnected_items]: Missing connection between items
    Local override; error
    @(101.4000 mm, 28.6000 mm): Pad 6 [HSYNC] of RN1 on F.Cu
    @(127.7500 mm, 28.1900 mm): Pad 5 [HSYNC] of JFFC1 on F.Cu
[unconnected_items]: Missing connection between items
    Local override; error
    @(101.4000 mm, 27.8000 mm): Pad 7 [B0] of RN1 on F.Cu
    @(126.7500 mm, 28.1900 mm): Pad 7 [B0] of JFFC1 on F.Cu
[unconnected_items]: Missing connection between items
    Local override; error
    @(101.4000 mm, 27.0000 mm): Pad 8 [G4] of RN1 on F.Cu
    @(126.2500 mm, 28.1900 mm): Pad 8 [G4] of JFFC1 on F.Cu
[unconnected_items]: Missing connection between items
    Local override; error
    @(116.7500 mm, 36.6100 mm): Pad 39 [Net-(IC1-CLCKOUTP)] of IC1 on F.Cu
    @(125.4499 mm, 37.5250 mm): Pad 1 [Net-(IC1-CLCKOUTP)] of FL2 on F.Cu
[unconnected_items]: Missing connection between items
    Local override; error
    @(117.2500 mm, 36.6100 mm): Pad 40 [Net-(IC1-CLCKOUTM)] of IC1 on F.Cu
    @(125.9501 mm, 37.5250 mm): Pad 3 [Net-(IC1-CLCKOUTM)] of FL2 on F.Cu
[unconnected_items]: Missing connection between items
    Local override; error
    @(117.7500 mm, 36.6100 mm): Pad 41 [Net-(IC1-Y2P)] of IC1 on F.Cu
    @(126.4499 mm, 37.5250 mm): Pad 5 [Net-(IC1-Y2P)] of FL2 on F.Cu
[unconnected_items]: Missing connection between items
    Local override; error
    @(118.2500 mm, 36.6100 mm): Pad 42 [Net-(IC1-Y2M)] of IC1 on F.Cu
    @(126.9501 mm, 37.5250 mm): Pad 7 [Net-(IC1-Y2M)] of FL2 on F.Cu
[unconnected_items]: Missing connection between items
    Local override; error
    @(124.2500 mm, 29.3500 mm): Pad 3 [D6] of IC1 on F.Cu
    @(138.6000 mm, 27.8000 mm): Pad 2 [D6] of RN6 on F.Cu
[unconnected_items]: Missing connection between items
    Local override; error
    @(103.6000 mm, 29.4000 mm): Pad 4 [D14] of RN2 on F.Cu
    @(118.7500 mm, 29.3500 mm): Pad 14 [D14] of IC1 on F.Cu
[unconnected_items]: Missing connection between items
    Local override; error
    @(99.4125 mm, 33.5000 mm): Pad 2 [SHTDN] of R2 on F.Cu
    @(113.2500 mm, 36.6100 mm): Pad 32 [SHTDN] of IC1 on F.Cu
[unconnected_items]: Missing connection between items
    Local override; error
    @(113.2500 mm, 36.6100 mm): Pad 32 [SHTDN] of IC1 on F.Cu
    @(139.0000 mm, 33.3500 mm): Pad 1 [SHTDN] of JP2 on F.Cu
[unconnected_items]: Missing connection between items
    Local override; error
    @(103.6000 mm, 28.6000 mm): Pad 3 [D1] of RN2 on F.Cu
    @(123.2500 mm, 36.6100 mm): Pad 52 [D1] of IC1 on F.Cu
[unconnected_items]: Missing connection between items
    Local override; error
    @(103.6000 mm, 27.8000 mm): Pad 2 [D2] of RN2 on F.Cu
    @(124.2500 mm, 36.6100 mm): Pad 54 [D2] of IC1 on F.Cu
[unconnected_items]: Missing connection between items
    Local override; error
    @(124.7500 mm, 36.6100 mm): Pad 55 [D3] of IC1 on F.Cu
    @(138.6000 mm, 29.4000 mm): Pad 4 [D3] of RN6 on F.Cu
[unconnected_items]: Missing connection between items
    Local override; error
    @(125.2500 mm, 36.6100 mm): Pad 56 [D4] of IC1 on F.Cu
    @(138.6000 mm, 28.6000 mm): Pad 3 [D4] of RN6 on F.Cu
[unconnected_items]: Missing connection between items
    Local override; error
    @(105.4000 mm, 29.4000 mm): Pad 5 [G5] of RN2 on F.Cu
    @(125.2500 mm, 28.1900 mm): Pad 10 [G5] of JFFC1 on F.Cu
[unconnected_items]: Missing connection between items
    Local override; error
    @(105.4000 mm, 28.6000 mm): Pad 6 [R1] of RN2 on F.Cu
    @(124.7500 mm, 28.1900 mm): Pad 11 [R1] of JFFC1 on F.Cu
[unconnected_items]: Missing connection between items
    Local override; error
    @(105.4000 mm, 27.8000 mm): Pad 7 [R2] of RN2 on F.Cu
    @(124.2500 mm, 28.1900 mm): Pad 12 [R2] of JFFC1 on F.Cu
[unconnected_items]: Missing connection between items
    Local override; error
    @(112.7500 mm, 28.1900 mm): Pad 35 [R3] of JFFC1 on F.Cu
    @(140.4000 mm, 29.4000 mm): Pad 5 [R3] of RN6 on F.Cu
[unconnected_items]: Missing connection between items
    Local override; error
    @(111.2500 mm, 28.1900 mm): Pad 38 [R4] of JFFC1 on F.Cu
    @(140.4000 mm, 28.6000 mm): Pad 6 [R4] of RN6 on F.Cu
[unconnected_items]: Missing connection between items
    Local override; error
    @(110.2500 mm, 28.1900 mm): Pad 40 [R5] of JFFC1 on F.Cu
    @(140.4000 mm, 27.8000 mm): Pad 7 [R5] of RN6 on F.Cu

** Found 0 Footprint errors **

** Ignored checks **
    - Footprint has no courtyard defined
    - Track endpoint not centered on via
    - Tuning profile track geometries
    - Footprint doesn't match symbol's footprint filters
    - Silkscreen clearance
    - Silkscreen clipped by solder mask
    - Silkscreen clipped by board edge
    - PTH inside courtyard
    - NPTH inside courtyard

** End of Report **
