** Drc report for koyomi-lvds-hat.kicad_pcb **
** Created on 2026-08-21T01:39:42 **
** Report includes: Errors, Warnings, Exclusions **

** Found 64 DRC violations **
[lib_footprint_mismatch]: Footprint 'C_0603_1608Metric_Pad1.08x0.95mm_HandSolder' does not match copy in library 'Capacitor_SMD'
    Local override; warning
    @(112.8000 mm, 38.1000 mm): Footprint C2
[lib_footprint_mismatch]: Footprint 'Hirose_FH12-12S-0.5SH_1x12-1MP_P0.50mm_Horizontal' does not match copy in library 'Connector_FFC-FPC'
    Local override; warning
    @(135.5000 mm, 39.8000 mm): Footprint JBL1
[lib_footprint_mismatch]: Footprint 'C_0603_1608Metric_Pad1.08x0.95mm_HandSolder' does not match copy in library 'Capacitor_SMD'
    Local override; warning
    @(132.5000 mm, 31.0000 mm): Footprint C6
[lib_footprint_mismatch]: Footprint 'SolderJumper-2_P1.3mm_Open_RoundedPad1.0x1.5mm' does not match copy in library 'Jumper'
    Local override; warning
    @(135.0000 mm, 34.0000 mm): Footprint JP1
[lib_footprint_mismatch]: Footprint 'C_0603_1608Metric_Pad1.08x0.95mm_HandSolder' does not match copy in library 'Capacitor_SMD'
    Local override; warning
    @(122.7000 mm, 38.1000 mm): Footprint C5
[lib_footprint_mismatch]: Footprint 'C_0603_1608Metric_Pad1.08x0.95mm_HandSolder' does not match copy in library 'Capacitor_SMD'
    Local override; warning
    @(116.1000 mm, 38.1000 mm): Footprint C3
[lib_footprint_mismatch]: Footprint 'C_0603_1608Metric_Pad1.08x0.95mm_HandSolder' does not match copy in library 'Capacitor_SMD'
    Local override; warning
    @(98.5000 mm, 37.0000 mm): Footprint C7
[lib_footprint_mismatch]: Footprint 'SOT-223-3_TabPin2' does not match copy in library 'Package_TO_SOT_SMD'
    Local override; warning
    @(103.8000 mm, 34.7000 mm): Footprint U1
[lib_footprint_mismatch]: Footprint 'C_0603_1608Metric_Pad1.08x0.95mm_HandSolder' does not match copy in library 'Capacitor_SMD'
    Local override; warning
    @(102.5000 mm, 40.0000 mm): Footprint C8
[lib_footprint_mismatch]: Footprint 'SolderJumper-2_P1.3mm_Open_RoundedPad1.0x1.5mm' does not match copy in library 'Jumper'
    Local override; warning
    @(139.0000 mm, 34.0000 mm): Footprint JP2
[lib_footprint_mismatch]: Footprint 'C_0603_1608Metric_Pad1.08x0.95mm_HandSolder' does not match copy in library 'Capacitor_SMD'
    Local override; warning
    @(109.5000 mm, 38.1000 mm): Footprint C1
[lib_footprint_mismatch]: Footprint 'R_0603_1608Metric_Pad0.98x0.95mm_HandSolder' does not match copy in library 'Resistor_SMD'
    Local override; warning
    @(98.5000 mm, 31.2000 mm): Footprint R1
[lib_footprint_mismatch]: Footprint 'C_0603_1608Metric_Pad1.08x0.95mm_HandSolder' does not match copy in library 'Capacitor_SMD'
    Local override; warning
    @(119.4000 mm, 38.1000 mm): Footprint C4
[lib_footprint_mismatch]: Footprint 'R_0603_1608Metric_Pad0.98x0.95mm_HandSolder' does not match copy in library 'Resistor_SMD'
    Local override; warning
    @(98.5000 mm, 33.5000 mm): Footprint R2
[silk_overlap]: Silkscreen clearance
    Rule: board setup constraints silk; warning
    @(112.7000 mm, 38.7000 mm): Circle of J2 on F.Silkscreen
    @(112.6537 mm, 38.6100 mm): Segment of C2 on F.Silkscreen
[silk_overlap]: Silkscreen clearance (rule 'Pad to Silkscreen' clearance 0.1500 mm; actual 0.1050 mm)
    Rule: Pad to Silkscreen; warning
    @(108.0000 mm, 22.4000 mm): Segment of JFFC1 on F.Silkscreen
    @(109.0000 mm, 22.9400 mm): Pad 49 [<no net>] of JFFC1 on F.Cu
[silk_overlap]: Silkscreen clearance (rule 'Pad to Silkscreen' clearance 0.1500 mm; actual 0.1050 mm)
    Rule: Pad to Silkscreen; warning
    @(110.8200 mm, 22.4000 mm): Segment of JFFC1 on F.Silkscreen
    @(109.0000 mm, 22.9400 mm): Pad 49 [<no net>] of JFFC1 on F.Cu
[silk_overlap]: Silkscreen clearance (rule 'Pad to Silkscreen' clearance 0.1500 mm; actual 0.1050 mm)
    Rule: Pad to Silkscreen; warning
    @(110.8200 mm, 22.4000 mm): Segment of JFFC1 on F.Silkscreen
    @(111.2500 mm, 22.4100 mm): Pad 48 [<no net>] of JFFC1 on F.Cu
[silk_overlap]: Silkscreen clearance (rule 'Pad to Silkscreen' clearance 0.1500 mm; actual 0.1050 mm)
    Rule: Pad to Silkscreen; warning
    @(113.3200 mm, 22.4000 mm): Segment of JFFC1 on F.Silkscreen
    @(111.2500 mm, 22.4100 mm): Pad 48 [<no net>] of JFFC1 on F.Cu
[silk_overlap]: Silkscreen clearance (rule 'Pad to Silkscreen' clearance 0.1500 mm; actual 0.1050 mm)
    Rule: Pad to Silkscreen; warning
    @(113.3200 mm, 22.4000 mm): Segment of JFFC1 on F.Silkscreen
    @(113.7500 mm, 22.4100 mm): Pad 47 [<no net>] of JFFC1 on F.Cu
[silk_overlap]: Silkscreen clearance (rule 'Pad to Silkscreen' clearance 0.1500 mm; actual 0.1050 mm)
    Rule: Pad to Silkscreen; warning
    @(115.8200 mm, 22.4000 mm): Segment of JFFC1 on F.Silkscreen
    @(113.7500 mm, 22.4100 mm): Pad 47 [<no net>] of JFFC1 on F.Cu
[silk_overlap]: Silkscreen clearance (rule 'Pad to Silkscreen' clearance 0.1500 mm; actual 0.1050 mm)
    Rule: Pad to Silkscreen; warning
    @(115.8200 mm, 22.4000 mm): Segment of JFFC1 on F.Silkscreen
    @(116.2500 mm, 22.4100 mm): Pad 46 [<no net>] of JFFC1 on F.Cu
[silk_overlap]: Silkscreen clearance (rule 'Pad to Silkscreen' clearance 0.1500 mm; actual 0.1050 mm)
    Rule: Pad to Silkscreen; warning
    @(120.8200 mm, 22.4000 mm): Segment of JFFC1 on F.Silkscreen
    @(118.7500 mm, 22.4100 mm): Pad 45 [<no net>] of JFFC1 on F.Cu
[silk_overlap]: Silkscreen clearance (rule 'Pad to Silkscreen' clearance 0.1500 mm; actual 0.1050 mm)
    Rule: Pad to Silkscreen; warning
    @(120.8200 mm, 22.4000 mm): Segment of JFFC1 on F.Silkscreen
    @(121.2500 mm, 22.4100 mm): Pad 44 [<no net>] of JFFC1 on F.Cu
[silk_overlap]: Silkscreen clearance (rule 'Pad to Silkscreen' clearance 0.1500 mm; actual 0.1050 mm)
    Rule: Pad to Silkscreen; warning
    @(118.3200 mm, 22.4000 mm): Segment of JFFC1 on F.Silkscreen
    @(116.2500 mm, 22.4100 mm): Pad 46 [<no net>] of JFFC1 on F.Cu
[silk_overlap]: Silkscreen clearance (rule 'Pad to Silkscreen' clearance 0.1500 mm; actual 0.1050 mm)
    Rule: Pad to Silkscreen; warning
    @(118.3200 mm, 22.4000 mm): Segment of JFFC1 on F.Silkscreen
    @(118.7500 mm, 22.4100 mm): Pad 45 [<no net>] of JFFC1 on F.Cu
[silk_overlap]: Silkscreen clearance (rule 'Pad to Silkscreen' clearance 0.1500 mm; actual 0.1105 mm)
    Rule: Pad to Silkscreen; warning
    @(109.8900 mm, 27.8500 mm): Segment of JFFC1 on F.Silkscreen
    @(110.2500 mm, 28.1900 mm): Pad 40 [R5] of JFFC1 on F.Cu
[silk_overlap]: Silkscreen clearance (rule 'Pad to Silkscreen' clearance 0.1500 mm; actual 0.1250 mm)
    Rule: Pad to Silkscreen; warning
    @(98.5000 mm, 29.7700 mm): Reference field of R1
    @(99.6000 mm, 29.4000 mm): Pad 4 [D25] of RN1 on F.Cu
[silk_overlap]: Silkscreen clearance (rule 'Pad to Silkscreen' clearance 0.1500 mm; actual 0.1499 mm)
    Rule: Pad to Silkscreen; warning
    @(125.0750 mm, 37.2750 mm): Segment of FL2 on F.Silkscreen
    @(125.4499 mm, 37.5250 mm): Pad 1 [Net-(IC1-CLCKOUTP)] of FL2 on F.Cu
[silk_overlap]: Silkscreen clearance (rule 'Pad to Silkscreen' clearance 0.1500 mm; actual 0.1442 mm)
    Rule: Pad to Silkscreen; warning
    @(125.0750 mm, 37.2750 mm): Segment of FL2 on F.Silkscreen
    @(124.7500 mm, 36.6100 mm): Pad 55 [D3] of IC1 on F.Cu
[silk_overlap]: Silkscreen clearance (rule 'Pad to Silkscreen' clearance 0.1500 mm; actual 0.0683 mm)
    Rule: Pad to Silkscreen; warning
    @(125.0750 mm, 37.2750 mm): Segment of FL2 on F.Silkscreen
    @(125.2500 mm, 36.6100 mm): Pad 56 [D4] of IC1 on F.Cu
[silk_overlap]: Silkscreen clearance (rule 'Pad to Silkscreen' clearance 0.1500 mm; actual 0.1499 mm)
    Rule: Pad to Silkscreen; warning
    @(125.0750 mm, 37.2750 mm): Segment of FL2 on F.Silkscreen
    @(125.4499 mm, 38.4750 mm): Pad 2 [RXCLK+] of FL2 on F.Cu
[silk_overlap]: Silkscreen clearance (rule 'Pad to Silkscreen' clearance 0.1500 mm; actual 0.1498 mm)
    Rule: Pad to Silkscreen; warning
    @(127.3249 mm, 37.2750 mm): Segment of FL2 on F.Silkscreen
    @(126.9501 mm, 37.5250 mm): Pad 7 [Net-(IC1-Y2M)] of FL2 on F.Cu
[silk_overlap]: Silkscreen clearance (rule 'Pad to Silkscreen' clearance 0.1500 mm; actual 0.1498 mm)
    Rule: Pad to Silkscreen; warning
    @(127.3249 mm, 37.2750 mm): Segment of FL2 on F.Silkscreen
    @(126.9501 mm, 38.4750 mm): Pad 8 [RX2-] of FL2 on F.Cu
[silk_overlap]: Silkscreen clearance (rule 'Pad to Silkscreen' clearance 0.1500 mm; actual 0.1498 mm)
    Rule: Pad to Silkscreen; warning
    @(130.6249 mm, 37.2750 mm): Segment of FL1 on F.Silkscreen
    @(130.2501 mm, 37.5250 mm): Pad 7 [Net-(IC1-Y0M)] of FL1 on F.Cu
[silk_overlap]: Silkscreen clearance (rule 'Pad to Silkscreen' clearance 0.1500 mm; actual 0.1498 mm)
    Rule: Pad to Silkscreen; warning
    @(130.6249 mm, 37.2750 mm): Segment of FL1 on F.Silkscreen
    @(130.2501 mm, 38.4750 mm): Pad 8 [RX0-] of FL1 on F.Cu
[silk_overlap]: Silkscreen clearance (rule 'Pad to Silkscreen' clearance 0.1500 mm; actual 0.1499 mm)
    Rule: Pad to Silkscreen; warning
    @(128.3750 mm, 37.2750 mm): Segment of FL1 on F.Silkscreen
    @(128.7499 mm, 37.5250 mm): Pad 1 [Net-(IC1-Y1P)] of FL1 on F.Cu
[silk_overlap]: Silkscreen clearance (rule 'Pad to Silkscreen' clearance 0.1500 mm; actual 0.1499 mm)
    Rule: Pad to Silkscreen; warning
    @(128.3750 mm, 37.2750 mm): Segment of FL1 on F.Silkscreen
    @(128.7499 mm, 38.4750 mm): Pad 2 [RX1+] of FL1 on F.Cu
[silk_overlap]: Silkscreen clearance (rule 'Pad to Silkscreen' clearance 0.1500 mm; actual 0.1364 mm)
    Rule: Pad to Silkscreen; warning
    @(139.0000 mm, 34.0000 mm): Arc of JP2 on F.Silkscreen
    @(139.0000 mm, 34.6500 mm): Pad 2 [GND] of JP2 on F.Cu
[silk_overlap]: Silkscreen clearance (rule 'Pad to Silkscreen' clearance 0.1500 mm; actual 0.1364 mm)
    Rule: Pad to Silkscreen; warning
    @(139.0000 mm, 34.0000 mm): Arc of JP2 on F.Silkscreen
    @(139.0000 mm, 33.3500 mm): Pad 1 [SHTDN] of JP2 on F.Cu
[silk_overlap]: Silkscreen clearance (rule 'Pad to Silkscreen' clearance 0.1500 mm; actual 0.1364 mm)
    Rule: Pad to Silkscreen; warning
    @(139.0000 mm, 34.0000 mm): Arc of JP2 on F.Silkscreen
    @(139.0000 mm, 34.6500 mm): Pad 2 [GND] of JP2 on F.Cu
[silk_overlap]: Silkscreen clearance (rule 'Pad to Silkscreen' clearance 0.1500 mm; actual 0.1364 mm)
    Rule: Pad to Silkscreen; warning
    @(139.0000 mm, 34.0000 mm): Arc of JP2 on F.Silkscreen
    @(139.0000 mm, 33.3500 mm): Pad 1 [SHTDN] of JP2 on F.Cu
[silk_overlap]: Silkscreen clearance (rule 'Pad to Silkscreen' clearance 0.1500 mm; actual 0.1364 mm)
    Rule: Pad to Silkscreen; warning
    @(139.0000 mm, 34.0000 mm): Arc of JP2 on F.Silkscreen
    @(139.0000 mm, 34.6500 mm): Pad 2 [GND] of JP2 on F.Cu
[silk_overlap]: Silkscreen clearance (rule 'Pad to Silkscreen' clearance 0.1500 mm; actual 0.1364 mm)
    Rule: Pad to Silkscreen; warning
    @(139.0000 mm, 34.0000 mm): Arc of JP2 on F.Silkscreen
    @(139.0000 mm, 33.3500 mm): Pad 1 [SHTDN] of JP2 on F.Cu
[silk_overlap]: Silkscreen clearance (rule 'Pad to Silkscreen' clearance 0.1500 mm; actual 0.1364 mm)
    Rule: Pad to Silkscreen; warning
    @(139.0000 mm, 34.0000 mm): Arc of JP2 on F.Silkscreen
    @(139.0000 mm, 34.6500 mm): Pad 2 [GND] of JP2 on F.Cu
[silk_overlap]: Silkscreen clearance (rule 'Pad to Silkscreen' clearance 0.1500 mm; actual 0.1364 mm)
    Rule: Pad to Silkscreen; warning
    @(139.0000 mm, 34.0000 mm): Arc of JP2 on F.Silkscreen
    @(139.0000 mm, 33.3500 mm): Pad 1 [SHTDN] of JP2 on F.Cu
[silk_overlap]: Silkscreen clearance (rule 'Pad to Silkscreen' clearance 0.1500 mm; actual 0.1364 mm)
    Rule: Pad to Silkscreen; warning
    @(135.0000 mm, 34.0000 mm): Arc of JP1 on F.Silkscreen
    @(135.0000 mm, 34.6500 mm): Pad 2 [GND] of JP1 on F.Cu
[silk_overlap]: Silkscreen clearance (rule 'Pad to Silkscreen' clearance 0.1500 mm; actual 0.1364 mm)
    Rule: Pad to Silkscreen; warning
    @(135.0000 mm, 34.0000 mm): Arc of JP1 on F.Silkscreen
    @(135.0000 mm, 33.3500 mm): Pad 1 [CLKSEL] of JP1 on F.Cu
[silk_overlap]: Silkscreen clearance (rule 'Pad to Silkscreen' clearance 0.1500 mm; actual 0.1364 mm)
    Rule: Pad to Silkscreen; warning
    @(135.0000 mm, 34.0000 mm): Arc of JP1 on F.Silkscreen
    @(135.0000 mm, 34.6500 mm): Pad 2 [GND] of JP1 on F.Cu
[silk_overlap]: Silkscreen clearance (rule 'Pad to Silkscreen' clearance 0.1500 mm; actual 0.1364 mm)
    Rule: Pad to Silkscreen; warning
    @(135.0000 mm, 34.0000 mm): Arc of JP1 on F.Silkscreen
    @(135.0000 mm, 33.3500 mm): Pad 1 [CLKSEL] of JP1 on F.Cu
[silk_overlap]: Silkscreen clearance (rule 'Pad to Silkscreen' clearance 0.1500 mm; actual 0.1364 mm)
    Rule: Pad to Silkscreen; warning
    @(135.0000 mm, 34.0000 mm): Arc of JP1 on F.Silkscreen
    @(135.0000 mm, 34.6500 mm): Pad 2 [GND] of JP1 on F.Cu
[silk_overlap]: Silkscreen clearance (rule 'Pad to Silkscreen' clearance 0.1500 mm; actual 0.1364 mm)
    Rule: Pad to Silkscreen; warning
    @(135.0000 mm, 34.0000 mm): Arc of JP1 on F.Silkscreen
    @(135.0000 mm, 33.3500 mm): Pad 1 [CLKSEL] of JP1 on F.Cu
[silk_overlap]: Silkscreen clearance (rule 'Pad to Silkscreen' clearance 0.1500 mm; actual 0.1364 mm)
    Rule: Pad to Silkscreen; warning
    @(135.0000 mm, 34.0000 mm): Arc of JP1 on F.Silkscreen
    @(135.0000 mm, 34.6500 mm): Pad 2 [GND] of JP1 on F.Cu
[silk_overlap]: Silkscreen clearance (rule 'Pad to Silkscreen' clearance 0.1500 mm; actual 0.1364 mm)
    Rule: Pad to Silkscreen; warning
    @(135.0000 mm, 34.0000 mm): Arc of JP1 on F.Silkscreen
    @(135.0000 mm, 33.3500 mm): Pad 1 [CLKSEL] of JP1 on F.Cu
[silk_overlap]: Silkscreen clearance (rule 'Pad to Silkscreen' clearance 0.1500 mm; actual 0.1105 mm)
    Rule: Pad to Silkscreen; warning
    @(132.0000 mm, 27.8500 mm): Segment of JFFC1 on F.Silkscreen
    @(129.7500 mm, 28.1900 mm): Pad 1 [+3V3] of JFFC1 on F.Cu
[silk_overlap]: Silkscreen clearance (rule 'Pad to Silkscreen' clearance 0.1500 mm; actual 0.1050 mm)
    Rule: Pad to Silkscreen; warning
    @(128.3200 mm, 22.4000 mm): Segment of JFFC1 on F.Silkscreen
    @(126.2500 mm, 22.4100 mm): Pad 42 [<no net>] of JFFC1 on F.Cu
[silk_overlap]: Silkscreen clearance (rule 'Pad to Silkscreen' clearance 0.1500 mm; actual 0.1050 mm)
    Rule: Pad to Silkscreen; warning
    @(128.3200 mm, 22.4000 mm): Segment of JFFC1 on F.Silkscreen
    @(128.7500 mm, 22.4100 mm): Pad 41 [<no net>] of JFFC1 on F.Cu
[silk_overlap]: Silkscreen clearance (rule 'Pad to Silkscreen' clearance 0.1500 mm; actual 0.1050 mm)
    Rule: Pad to Silkscreen; warning
    @(125.8200 mm, 22.4000 mm): Segment of JFFC1 on F.Silkscreen
    @(123.7500 mm, 22.4100 mm): Pad 43 [<no net>] of JFFC1 on F.Cu
[silk_overlap]: Silkscreen clearance (rule 'Pad to Silkscreen' clearance 0.1500 mm; actual 0.1050 mm)
    Rule: Pad to Silkscreen; warning
    @(125.8200 mm, 22.4000 mm): Segment of JFFC1 on F.Silkscreen
    @(126.2500 mm, 22.4100 mm): Pad 42 [<no net>] of JFFC1 on F.Cu
[silk_overlap]: Silkscreen clearance (rule 'Pad to Silkscreen' clearance 0.1500 mm; actual 0.1050 mm)
    Rule: Pad to Silkscreen; warning
    @(123.3200 mm, 22.4000 mm): Segment of JFFC1 on F.Silkscreen
    @(121.2500 mm, 22.4100 mm): Pad 44 [<no net>] of JFFC1 on F.Cu
[silk_overlap]: Silkscreen clearance (rule 'Pad to Silkscreen' clearance 0.1500 mm; actual 0.1050 mm)
    Rule: Pad to Silkscreen; warning
    @(123.3200 mm, 22.4000 mm): Segment of JFFC1 on F.Silkscreen
    @(123.7500 mm, 22.4100 mm): Pad 43 [<no net>] of JFFC1 on F.Cu
[silk_overlap]: Silkscreen clearance (rule 'Pad to Silkscreen' clearance 0.1500 mm; actual 0.1050 mm)
    Rule: Pad to Silkscreen; warning
    @(130.5700 mm, 22.4000 mm): Segment of JFFC1 on F.Silkscreen
    @(128.7500 mm, 22.4100 mm): Pad 41 [<no net>] of JFFC1 on F.Cu
[silk_overlap]: Silkscreen clearance (rule 'Pad to Silkscreen' clearance 0.1500 mm; actual 0.1050 mm)
    Rule: Pad to Silkscreen; warning
    @(130.5700 mm, 22.4000 mm): Segment of JFFC1 on F.Silkscreen
    @(131.0000 mm, 22.9400 mm): Pad 50 [<no net>] of JFFC1 on F.Cu
[silk_overlap]: Silkscreen clearance (rule 'Pad to Silkscreen' clearance 0.1500 mm; actual 0.1050 mm)
    Rule: Pad to Silkscreen; warning
    @(131.4300 mm, 22.4000 mm): Segment of JFFC1 on F.Silkscreen
    @(131.0000 mm, 22.9400 mm): Pad 50 [<no net>] of JFFC1 on F.Cu

** Found 0 unconnected pads **

** Found 0 Footprint errors **

** Ignored checks **
    - Footprint has no courtyard defined
    - Track endpoint not centered on via
    - Tuning profile track geometries
    - Footprint doesn't match symbol's footprint filters
    - PTH inside courtyard
    - NPTH inside courtyard

** End of Report **
