PCB statistics report
=====================
- Date: Sunday, August 09, 2026 at 04:43:19 PM
- Project: koyomi-lvds-hat
- Board name: koyomi-lvds-hat

Board
-----
- Width: 65.0000 mm
- Height: 56.5000 mm
- Area: 3579.761 mm²
- Front copper area: 2913.305 mm²
- Back copper area: 2788.238 mm²
- Min track clearance: 0.1270 mm
- Min track width: 0.2000 mm
- Min drill diameter: 0.4000 mm
- Board stackup thickness: 1.6000 mm

- Front footprint area: 778.417 mm²
- Back footprint area: 291.591 mm²
- Front component density: 21.74 %
- Back component density: 8.15 %
Pads
----
- Through hole: 29
- SMD: 236
- Connector: 0
- NPTH: 4
- Castellated: 0
- Press-fit: 0

Vias
----
- Through vias: 112
- Blind vias: 0
- Buried vias: 0
- Micro vias: 0

Components
----------

|              | Front Side | Back Side | Total |
|--------------|------------|-----------|-------|
|THT:          |          9 |         0 |     9 |
|SMD:          |         15 |         6 |    21 |
|Unspecified:  |          4 |         1 |     5 |
|Total:        |         28 |         7 |    35 |

Drill holes
-----------

| Count | Shape |    X Size |    Y Size | Plated | Via/Pad | Start Layer | Stop Layer |
|-------|-------|-----------|-----------|--------|---------|-------------|------------|
|   112 | Round | 0.4000 mm | 0.4000 mm |    PTH |     Via |        F.Cu |       B.Cu |
|    29 | Round | 1.0000 mm | 1.0000 mm |    PTH |     Pad |        F.Cu |       B.Cu |
|     4 | Round | 2.7500 mm | 2.7500 mm |   NPTH |     Pad |        F.Cu |       B.Cu |
